---
source: frontends/dark_tui/src/ui/render/views/spatial_snapshots.rs
expression: output
---
┌Catalog Graphical Tree────────────────────────────────────────────────────────────────────────────────────────────────────────────────────────────────────────┐
│        ┌──────────────────────────────────────────────┐                                                                                                      │
│        ▌PRODUCT prd_2o02efhj...              [4V] [4A]│                                                                                                      │
│        ▌ dirty  │ 4v 4a                               │                                                                                                      │
│        ▌────────────────────────────────────────────  │                                                                                                      │
│        ▌variants ..... 4                              │                                                                                                      │
│        ▌actors ....... 4                              │                                                                                                      │
│        ▌sub-agents ... 10                             │                                                                                                      │
│        ▌                                              │                                                                                                      │
│        ▌run:2 stop:1 empty:0                          │                                                                                                      │
│        └──────────────────────────────────────────────┘                                                                                                      │
│         ...github.com/victoryforphil/dark-factory#main                                                                                                       │
│D0                              ━━━━━━━━━━━━━━━━━━━━━━━━━━│━━━━━━━━━━━━━━━━━━━━━━━━━│━━━━━━━━━━━━━━━━━━━━━━━━━│━━━━━━━━━━━━━━━━━━━━━━━━━│█                    │
│                                                          │                         │                         │                         │                     │
│                                               ┌────────────────────┐    ┌────────────────────┐    ┌────────────────────┐    ┌────────────────────┐           │
│D1                                             ▌default      [dirty]│    ▌clone_0000   [clean]│    ▌clone_0001   [clean]│    ▌feature/auth [dirty]│           │
│                                               ▌+21 -0              │    ▌+0 -0               │    ▌+0 -0               │    ▌+3 -1               │           │
│                                               └────────────────────┘    └────────────────────┘    └────────────────────┘    └────────────────────┘           │
│                                                          │                         │                         │                         │                     │
│                                                          │                         │                         │                         │                     │
│                                                ┌──────────────────┐      ┌──────────────────┐      ┌──────────────────┐      ┌──────────────────┐            │
│D2                                              ▌ACTOR act_a1 [run]│      ▌ACTOR act_a2 [stp]│      ▌ACTOR act_a4 [run]│      ▌ACTOR act_a3 [idl]│            │
│                                                ▌opencode/server   │      ▌opencode/server   │      ▌opencode/server   │      ▌opencode/server   │            │
│                                                └──────────────────┘      └──────────────────┘      └──────────────────┘      └──────────────────┘            │
│                                                 │ ● Quick front~ │        │ ◑ Docs pass    │        │ ● Deploy       │        │ ● Review       │             │
│D3                                               │ o Quick routes │        │ ● Test pass    │        │ ◑ Watch        │        │ ● Verify       │             │
│                                                                           │ ◑ Lint sweep   │        │ ◑ Sync         │                                       │
│                                                                                                                                                              │
│                                                                                                                                                              │
│                                                                                                                                                              │
│                                                                                                                                                              │
│                                                                                                                                                              │
│                                                                                                                                                              │
│                                                                                                                                                              │
│                                                                                                                                                              │
│                                                                                                                                                              │
│                                                                                                                                                              │
│                                                                                                                                                              │
│                                                                                                                                                              │
│                                                                                                                                                              │
│                                                                                                                                                              │
│                                                                                                                                                              │
│                                                                                                                                                              │
│                                                                                                                                                              │
│                                                                                                                                                              │
│                                                                                                                                                              │
│                                                                                                                                                              │
│                                                                                                                                                              │
│                                                                                                                                                              │
│                                                                                                                                                              │
│                                                                                                                                                              │
│                                                                                                                                                              │
│                                                                                                                                                              │
│                                                                                                                                                              │
│                                                                                                                                                              │
└──────────────────────────────────────────────────────────────────────────────────────────────────────────────────────────────────────────────────────────────┘
