---
source: frontends/dark_chat/src/tui/panels/chat_panel.rs
expression: output
---
┌Conversation──────────────────────────────────────────────────────────────────────┐
│Snapshot Session                                                                  │
│session:ses_123   ready                                                           │
│                                                                                  │
│┌Messages────────────────────────────────────────────────────────────────────────┐│
││No messages yet. Send a prompt to begin.                                        ││
││                                                                                ││
││                                                                                ││
││                                                                                ││
││                                                                                ││
││                                                                                ││
││                                                                                ││
││                                                                                ││
││                               ┌ Agent Picker ───────────┐                      ││
││                               │▸ developer_senior active│                      ││
││                               │general                  │                      ││
││                               │FILTER █                 │                      ││
│└───────────────────────────────│enter select  esc close  │──────────────────────┘│
│┌Composer───────────────────────└─────────────────────────┘──────────────────────┐│
││model:anthropic/claude-sonnet-4    agent:developer_senior                       ││
││ready    c  compose   enter  send                                               ││
││                                                                                ││
│└────────────────────────────────────────────────────────────────────────────────┘│
└──────────────────────────────────────────────────────────────────────────────────┘
